---
source: crates/forge-tui/src/app/replay.rs
expression: snapshot
---
  ✓ 1 tool call   ctrl+x to expand
  └─ ⌖ toolsearch
     └─ select:Monitor,TaskStop
  ✓ Monitor · forge-monitor-test · completed

Monitor armed. Waiting for the three events.
↳ turn info · 11.9s · 6↑ 291↓ · 72% cached · 67k written [▶ expand]

Event 1 received (monitor-line-1). Waiting for the remaining two.
↳ turn info · 3.6s · 2↑ 48↓ · 99% cached · 346 written [▶ expand]

Event 2 received (monitor-line-2). One more to go.
↳ turn info · 3.1s · 2↑ 24↓ · 99% cached · 376 written [▶ expand]

All three events arrived:

```
monitor-line-1
monitor-line-2
monitor-line-3
```

The TaskStop call returned "No task found" - the loop had already finished and
the monitor exited on its own right as I issued the stop (the completion
notification for bpwt1thgf landed immediately after). So the watch is
terminated either way, just by natural exit rather than by my cancel.
↳ turn info · 9.7s · 4↑ 186↓ · 99% cached · 825 written [▶ expand]
