---
source: crates/forge-tui/src/app/replay.rs
expression: snapshot
---
There's no Monitor tool in this session - my tool set here is Agent, Bash,
Cron*, Edit/Write/Read, LSP, TaskOutput/TaskStop, Web*, Workflow, Skill, plus
the Playwright and Context7 MCP servers. No streaming-watch tool, and no
ToolSearch to pull one in, so I can't start a persistent watch or get a monitor
taskId to stop.

I ran the command directly instead so you at least have the output:

  ✓ 1 tool call   ctrl+x to expand
  └─ ▶ bash
     └─ Emit three test lines

The three lines:

```
monitor-line-1
monitor-line-2
monitor-line-3
```

But to be clear about what did and didn't happen: these came from a plain Bash
run, not from a streamed watch. No monitor was started, no event notifications
arrived, and no TaskStop was called - there was no taskId to stop. If the
Monitor tool is supposed to be exposed here, something is wrong with the tool
wiring for this session.
↳ 20.7s · 13k↑ 892↓ · 60% cached · 62k written [▶ expand]
