---
source: crates/forge-tui/src/app/replay.rs
expression: snapshot
---
Forge
I'll load the Monitor and TaskStop tool schemas first since they're deferred.

> 1 call  ctrl+x to expand

I'll start the persistent monitor now.
Monitor is running. I'll wait for the three event notifications.
All three events arrived. Stopping the monitor.
The three lines I saw:

- monitor-line-1
- monitor-line-2
- monitor-line-3

The monitor stream had already ended on its own (the script exited after the
third line), so TaskStop found no active task to terminate. The watch is
finished either way.
