---
source: crates/forge-tui/tests/render_snapshots.rs
expression: buffer_to_string(&buffer)
---
┌ Sessions [active] ───────┐┌ Conversation ────────────────────────────────────┐
│                          ││                                                  │
│                          ││                                                  │
│                          ││                                                  │
│                          ││                                                  │
│                          ││                                                  │
│                          ││                                                  │
│                          ││                                                  │
│                          ││                                                  │
│                          ││                                                  │
│                          ││                                                  │
│                          ││                                                  │
│                          ││                                                  │
│                          ││                                                  │
│                          ││                                                  │
│                          ││                                                  │
│                          ││                                                  │
│                          ││                                                  │
└──────────────────────────┘└──────────────────────────────────────────────────┘
- no session  |  q quit
