---
source: crates/forge-tui/tests/render_snapshots.rs
assertion_line: 65
expression: buffer
---
Buffer {
    area: Rect { x: 0, y: 0, width: 80, height: 20 },
    content: [
        "┌ Sessions [active] ───────┐┌ Conversation ────────────────────────────────────┐",
        "│First session             ││                                                  │",
        "│Second session            ││                                                  │",
        "│                          ││                                                  │",
        "│                          ││                                                  │",
        "│                          ││                                                  │",
        "│                          ││                                                  │",
        "│                          ││                                                  │",
        "│                          ││                                                  │",
        "│                          ││                                                  │",
        "│                          ││                                                  │",
        "│                          ││                                                  │",
        "│                          ││                                                  │",
        "│                          ││                                                  │",
        "│                          ││                                                  │",
        "│                          ││                                                  │",
        "│                          ││                                                  │",
        "│                          ││                                                  │",
        "└──────────────────────────┘└──────────────────────────────────────────────────┘",
        "- no session  |  q quit                                                         ",
    ],
    styles: [
        x: 0, y: 0, fg: Reset, bg: Reset, underline: Reset, modifier: NONE,
        x: 1, y: 2, fg: Reset, bg: Reset, underline: Reset, modifier: REVERSED,
        x: 27, y: 2, fg: Reset, bg: Reset, underline: Reset, modifier: NONE,
        x: 0, y: 19, fg: Gray, bg: Reset, underline: Reset, modifier: NONE,
    ]
}
