---
source: crates/forge-tui/tests/render_snapshots.rs
expression: buffer_to_string(&buffer)
---
┌ Sessions ────────────────┐┌ Conversation ────────────────────────────────────┐
│                          ││                                                  │
│                          ││                                                  │
│                          ││                                                  │
│                          ││                                                  │
│                          ││                                                  │
│               ┌ Permission Request ──────────────────────────┐               │
│               │[a] Allow  [d] Deny  [Esc] Dismiss            │               │
│               │                                              │               │
│               │Tool: Bash                                    │               │
│               │                                              │               │
│               │{                                             │               │
│               │  "command": "ls -la"                         │               │
│               └──────────────────────────────────────────────┘               │
│                          ││                                                  │
│                          ││                                                  │
│                          ││                                                  │
│                          ││                                                  │
└──────────────────────────┘└──────────────────────────────────────────────────┘
- no session  |  q quit
