---
source: crates/forge-tui/tests/render_snapshots.rs
expression: buffer_to_string(&buffer)
---
┌ Sessions ────────────────┐┌ Conversation — sess_demo ────────────────────────┐
│                          ││[U] hello                                         │
│                          ││[A] hi back                                       │
│                          ││                                                  │
│                          ││                                                  │
│                          ││                                                  │
│                          ││                                                  │
│                          ││                                                  │
│                          ││                                                  │
│                          ││                                                  │
│                          ││                                                  │
│                          ││                                                  │
│                          ││                                                  │
│                          ││                                                  │
│                          ││                                                  │
│                          ││                                                  │
│                          ││                                                  │
│                          ││                                                  │
└──────────────────────────┘└──────────────────────────────────────────────────┘
- no session  |  q quit
